[INFO] Scanning for projects...
[INFO] 
[INFO] --------------------------< com.example:demo >--------------------------
[INFO] Building alphalearn 0.0.1-SNAPSHOT
[INFO]   from pom.xml
[INFO] --------------------------------[ jar ]---------------------------------
[INFO] 
[INFO] --- resources:3.3.1:resources (default-resources) @ demo ---
[INFO] Copying 2 resources from src\main\resources to target\classes
[INFO] Copying 0 resource from src\main\resources to target\classes
[INFO] 
[INFO] --- compiler:3.14.1:compile (default-compile) @ demo ---
[INFO] Recompiling the module because of changed source code.
[INFO] Compiling 108 source files with javac [debug parameters release 21] to target\classes
[INFO] -------------------------------------------------------------
[ERROR] COMPILATION ERROR : 
[INFO] -------------------------------------------------------------
[ERROR] /C:/SMU/Y2S2/CSD/project_separated/alphalearn_backend/src/main/java/com/example/demo/quiz/QuizService.java:[4,13] class, interface, enum, or record expected
[ERROR] /C:/SMU/Y2S2/CSD/project_separated/alphalearn_backend/src/main/java/com/example/demo/quiz/QuizService.java:[6,13] class, interface, enum, or record expected
[ERROR] /C:/SMU/Y2S2/CSD/project_separated/alphalearn_backend/src/main/java/com/example/demo/quiz/QuizService.java:[9,9] class, interface, enum, or record expected
[ERROR] /C:/SMU/Y2S2/CSD/project_separated/alphalearn_backend/src/main/java/com/example/demo/quiz/QuizService.java:[12,5] class, interface, enum, or record expected
[INFO] 4 errors 
[INFO] -------------------------------------------------------------
[INFO] ------------------------------------------------------------------------
[INFO] BUILD FAILURE
[INFO] ------------------------------------------------------------------------
[INFO] Total time:  3.052 s
[INFO] Finished at: 2026-03-14T01:59:53+08:00
[INFO] ------------------------------------------------------------------------
[ERROR] Failed to execute goal org.apache.maven.plugins:maven-compiler-plugin:3.14.1:compile (default-compile) on project demo: Compilation failure: Compilation failure: 
[ERROR] /C:/SMU/Y2S2/CSD/project_separated/alphalearn_backend/src/main/java/com/example/demo/quiz/QuizService.java:[4,13] class, interface, enum, or record expected
[ERROR] /C:/SMU/Y2S2/CSD/project_separated/alphalearn_backend/src/main/java/com/example/demo/quiz/QuizService.java:[6,13] class, interface, enum, or record expected
[ERROR] /C:/SMU/Y2S2/CSD/project_separated/alphalearn_backend/src/main/java/com/example/demo/quiz/QuizService.java:[9,9] class, interface, enum, or record expected
[ERROR] /C:/SMU/Y2S2/CSD/project_separated/alphalearn_backend/src/main/java/com/example/demo/quiz/QuizService.java:[12,5] class, interface, enum, or record expected
[ERROR] -> [Help 1]
[ERROR] 
[ERROR] To see the full stack trace of the errors, re-run Maven with the -e switch.
[ERROR] Re-run Maven using the -X switch to enable full debug logging.
[ERROR] 
[ERROR] For more information about the errors and possible solutions, please read the following articles:
[ERROR] [Help 1] http://cwiki.apache.org/confluence/display/MAVEN/MojoFailureException
